// Jest Snapshot v1, https://goo.gl/fbAQLP

exports[`renders user name 1`] = `ShallowWrapper {}`;
